0 verbose cli D:\develop\env\nodejs\node.exe D:\develop\env\nodejs\node_modules\npm\bin\npm-cli.js
1 info using npm@11.11.0
2 info using node@v24.14.1
3 silly config load:file:D:\develop\env\nodejs\node_modules\npm\npmrc
4 silly config load:file:D:\develop\javaweb\canteen-sys\frontend\.npmrc
5 silly config load:file:C:\Users\令狐臻臻\.npmrc
6 silly config load:file:D:\develop\env\nodejs\node_global\etc\npmrc
7 verbose title npm install element-plus @element-plus/icons-vue
8 verbose argv "install" "element-plus" "@element-plus/icons-vue" "--cache" ".npm-cache"
9 verbose logfile logs-max:10 dir:D:\develop\javaweb\canteen-sys\frontend\.npm-cache\_logs\2026-04-23T02_19_20_022Z-
10 verbose logfile D:\develop\javaweb\canteen-sys\frontend\.npm-cache\_logs\2026-04-23T02_19_20_022Z-debug-0.log
11 silly logfile done cleaning log files
12 silly packumentCache heap:4496293888 maxSize:1124073472 maxEntrySize:562036736
13 verbose shrinkwrap failed to load node_modules/.package-lock.json out of date, updated: node_modules
14 silly idealTree buildDeps
15 silly fetch manifest element-plus@*
16 silly packumentCache full:https://registry.npmjs.org/element-plus cache-miss
17 http fetch GET 200 https://registry.npmjs.org/npm 2725ms
18 http fetch GET 200 https://registry.npmjs.org/element-plus 6138ms (cache miss)
19 silly packumentCache full:https://registry.npmjs.org/element-plus set size:undefined disposed:false
20 silly fetch manifest vue@^3.5.13
21 silly packumentCache full:https://registry.npmjs.org/vue cache-miss
22 http fetch GET 200 https://registry.npmjs.org/vue 955ms (cache miss)
23 silly packumentCache full:https://registry.npmjs.org/vue set size:undefined disposed:false
24 silly fetch manifest typescript@*
25 silly packumentCache full:https://registry.npmjs.org/typescript cache-miss
26 http fetch GET 200 https://registry.npmjs.org/typescript 12072ms (cache miss)
27 silly packumentCache full:https://registry.npmjs.org/typescript set size:undefined disposed:false
28 silly fetch manifest @element-plus/icons-vue@*
29 silly packumentCache full:https://registry.npmjs.org/@element-plus%2ficons-vue cache-miss
30 http fetch GET 200 https://registry.npmjs.org/@element-plus%2ficons-vue 351ms (cache miss)
31 silly packumentCache full:https://registry.npmjs.org/@element-plus%2ficons-vue set size:undefined disposed:false
32 silly placeDep ROOT @element-plus/icons-vue@2.3.2 OK for: canteen-frontend@0.0.0 want: *
33 silly placeDep ROOT element-plus@2.13.7 OK for: canteen-frontend@0.0.0 want: *
34 silly fetch manifest @ctrl/tinycolor@^4.2.0
35 silly packumentCache full:https://registry.npmjs.org/@ctrl%2ftinycolor cache-miss
36 silly fetch manifest @floating-ui/dom@^1.0.1
37 silly packumentCache full:https://registry.npmjs.org/@floating-ui%2fdom cache-miss
38 silly fetch manifest @popperjs/core@npm:@sxzz/popperjs-es@^2.11.7
39 silly packumentCache full:https://registry.npmjs.org/@sxzz%2fpopperjs-es cache-miss
40 silly fetch manifest @types/lodash@^4.17.20
41 silly packumentCache full:https://registry.npmjs.org/@types%2flodash cache-miss
42 silly fetch manifest @types/lodash-es@^4.17.12
43 silly packumentCache full:https://registry.npmjs.org/@types%2flodash-es cache-miss
44 silly fetch manifest @vueuse/core@12.0.0
45 silly packumentCache full:https://registry.npmjs.org/@vueuse%2fcore cache-miss
46 silly fetch manifest async-validator@^4.2.5
47 silly packumentCache full:https://registry.npmjs.org/async-validator cache-miss
48 silly fetch manifest dayjs@^1.11.19
49 silly packumentCache full:https://registry.npmjs.org/dayjs cache-miss
50 silly fetch manifest lodash@^4.17.23
51 silly packumentCache full:https://registry.npmjs.org/lodash cache-miss
52 silly fetch manifest lodash-es@^4.17.23
53 silly packumentCache full:https://registry.npmjs.org/lodash-es cache-miss
54 silly fetch manifest lodash-unified@^1.0.3
55 silly packumentCache full:https://registry.npmjs.org/lodash-unified cache-miss
56 silly fetch manifest memoize-one@^6.0.0
57 silly packumentCache full:https://registry.npmjs.org/memoize-one cache-miss
58 silly fetch manifest normalize-wheel-es@^1.2.0
59 silly packumentCache full:https://registry.npmjs.org/normalize-wheel-es cache-miss
60 silly fetch manifest vue-component-type-helpers@^3.2.4
61 silly packumentCache full:https://registry.npmjs.org/vue-component-type-helpers cache-miss
62 http fetch GET 200 https://registry.npmjs.org/@floating-ui%2fdom 351ms (cache miss)
63 silly packumentCache full:https://registry.npmjs.org/@floating-ui%2fdom set size:undefined disposed:false
64 http fetch GET 200 https://registry.npmjs.org/@ctrl%2ftinycolor 755ms (cache miss)
65 silly packumentCache full:https://registry.npmjs.org/@ctrl%2ftinycolor set size:undefined disposed:false
66 http fetch GET 200 https://registry.npmjs.org/normalize-wheel-es 1219ms (cache miss)
67 silly packumentCache full:https://registry.npmjs.org/normalize-wheel-es set size:undefined disposed:false
68 http fetch GET 200 https://registry.npmjs.org/@types%2flodash-es 1225ms (cache miss)
69 silly packumentCache full:https://registry.npmjs.org/@types%2flodash-es set size:undefined disposed:false
70 http fetch GET 200 https://registry.npmjs.org/lodash-es 1227ms (cache miss)
71 silly packumentCache full:https://registry.npmjs.org/lodash-es set size:undefined disposed:false
72 http fetch GET 200 https://registry.npmjs.org/@sxzz%2fpopperjs-es 1233ms (cache miss)
73 silly packumentCache full:https://registry.npmjs.org/@sxzz%2fpopperjs-es set size:undefined disposed:false
74 http fetch GET 200 https://registry.npmjs.org/async-validator 1249ms (cache miss)
75 silly packumentCache full:https://registry.npmjs.org/async-validator set size:undefined disposed:false
76 http fetch GET 200 https://registry.npmjs.org/vue-component-type-helpers 1254ms (cache miss)
77 silly packumentCache full:https://registry.npmjs.org/vue-component-type-helpers set size:undefined disposed:false
78 http fetch GET 200 https://registry.npmjs.org/lodash 1551ms (cache miss)
79 silly packumentCache full:https://registry.npmjs.org/lodash set size:undefined disposed:false
80 http fetch GET 200 https://registry.npmjs.org/lodash-unified 2137ms (cache miss)
81 silly packumentCache full:https://registry.npmjs.org/lodash-unified set size:undefined disposed:false
82 http fetch GET 200 https://registry.npmjs.org/@vueuse%2fcore 2488ms (cache miss)
83 silly packumentCache full:https://registry.npmjs.org/@vueuse%2fcore set size:undefined disposed:false
84 http fetch GET 200 https://registry.npmjs.org/memoize-one 2672ms (cache miss)
85 silly packumentCache full:https://registry.npmjs.org/memoize-one set size:undefined disposed:false
86 http fetch GET 200 https://registry.npmjs.org/dayjs 2703ms (cache miss)
87 silly packumentCache full:https://registry.npmjs.org/dayjs set size:undefined disposed:false
88 http fetch GET 200 https://registry.npmjs.org/@types%2flodash 3257ms (cache miss)
89 silly packumentCache full:https://registry.npmjs.org/@types%2flodash set size:undefined disposed:false
90 silly placeDep ROOT @ctrl/tinycolor@4.2.0 OK for: element-plus@2.13.7 want: ^4.2.0
91 silly placeDep ROOT @floating-ui/dom@1.7.6 OK for: element-plus@2.13.7 want: ^1.0.1
92 silly placeDep ROOT @popperjs/core@2.11.8 OK for: element-plus@2.13.7 want: npm:@sxzz/popperjs-es@^2.11.7
93 silly placeDep ROOT @types/lodash@4.17.24 OK for: element-plus@2.13.7 want: ^4.17.20
94 silly placeDep ROOT @types/lodash-es@4.17.12 OK for: element-plus@2.13.7 want: ^4.17.12
95 silly placeDep ROOT @vueuse/core@12.0.0 OK for: element-plus@2.13.7 want: 12.0.0
96 silly placeDep ROOT async-validator@4.2.5 OK for: element-plus@2.13.7 want: ^4.2.5
97 silly placeDep ROOT dayjs@1.11.20 OK for: element-plus@2.13.7 want: ^1.11.19
98 silly placeDep ROOT lodash@4.18.1 OK for: element-plus@2.13.7 want: ^4.17.23
99 silly placeDep ROOT lodash-es@4.18.1 OK for: element-plus@2.13.7 want: ^4.17.23
100 silly placeDep ROOT lodash-unified@1.0.3 OK for: element-plus@2.13.7 want: ^1.0.3
101 silly placeDep ROOT memoize-one@6.0.0 OK for: element-plus@2.13.7 want: ^6.0.0
102 silly placeDep ROOT normalize-wheel-es@1.2.0 OK for: element-plus@2.13.7 want: ^1.2.0
103 silly placeDep ROOT vue-component-type-helpers@3.2.7 OK for: element-plus@2.13.7 want: ^3.2.4
104 silly fetch manifest @floating-ui/core@^1.7.5
105 silly packumentCache full:https://registry.npmjs.org/@floating-ui%2fcore cache-miss
106 silly fetch manifest @floating-ui/utils@^0.2.11
107 silly packumentCache full:https://registry.npmjs.org/@floating-ui%2futils cache-miss
108 silly fetch manifest @vueuse/shared@12.0.0
109 silly packumentCache full:https://registry.npmjs.org/@vueuse%2fshared cache-miss
110 silly fetch manifest @vueuse/metadata@12.0.0
111 silly packumentCache full:https://registry.npmjs.org/@vueuse%2fmetadata cache-miss
112 silly fetch manifest @types/web-bluetooth@^0.0.20
113 silly packumentCache full:https://registry.npmjs.org/@types%2fweb-bluetooth cache-miss
114 http fetch GET 200 https://registry.npmjs.org/@types%2fweb-bluetooth 411ms (cache miss)
115 silly packumentCache full:https://registry.npmjs.org/@types%2fweb-bluetooth set size:undefined disposed:false
116 http fetch GET 200 https://registry.npmjs.org/@floating-ui%2futils 619ms (cache miss)
117 silly packumentCache full:https://registry.npmjs.org/@floating-ui%2futils set size:undefined disposed:false
118 http fetch GET 200 https://registry.npmjs.org/@floating-ui%2fcore 713ms (cache miss)
119 silly packumentCache full:https://registry.npmjs.org/@floating-ui%2fcore set size:undefined disposed:false
120 http fetch GET 200 https://registry.npmjs.org/@vueuse%2fmetadata 999ms (cache miss)
121 silly packumentCache full:https://registry.npmjs.org/@vueuse%2fmetadata set size:undefined disposed:false
122 http fetch GET 200 https://registry.npmjs.org/@vueuse%2fshared 1288ms (cache miss)
123 silly packumentCache full:https://registry.npmjs.org/@vueuse%2fshared set size:undefined disposed:false
124 silly placeDep ROOT @floating-ui/core@1.7.5 OK for: @floating-ui/dom@1.7.6 want: ^1.7.5
125 silly placeDep ROOT @floating-ui/utils@0.2.11 OK for: @floating-ui/dom@1.7.6 want: ^0.2.11
126 silly placeDep ROOT @types/web-bluetooth@0.0.20 OK for: @vueuse/core@12.0.0 want: ^0.0.20
127 silly placeDep ROOT @vueuse/metadata@12.0.0 OK for: @vueuse/core@12.0.0 want: 12.0.0
128 silly placeDep ROOT @vueuse/shared@12.0.0 OK for: @vueuse/core@12.0.0 want: 12.0.0
129 silly reify moves {}
130 silly audit bulk request {
130 silly audit   '@babel/helper-string-parser': [ '7.27.1' ],
130 silly audit   '@babel/helper-validator-identifier': [ '7.28.5' ],
130 silly audit   '@babel/parser': [ '7.29.2' ],
130 silly audit   '@babel/types': [ '7.29.0' ],
130 silly audit   '@esbuild/aix-ppc64': [ '0.25.12' ],
130 silly audit   '@esbuild/android-arm': [ '0.25.12' ],
130 silly audit   '@esbuild/android-arm64': [ '0.25.12' ],
130 silly audit   '@esbuild/android-x64': [ '0.25.12' ],
130 silly audit   '@esbuild/darwin-arm64': [ '0.25.12' ],
130 silly audit   '@esbuild/darwin-x64': [ '0.25.12' ],
130 silly audit   '@esbuild/freebsd-arm64': [ '0.25.12' ],
130 silly audit   '@esbuild/freebsd-x64': [ '0.25.12' ],
130 silly audit   '@esbuild/linux-arm': [ '0.25.12' ],
130 silly audit   '@esbuild/linux-arm64': [ '0.25.12' ],
130 silly audit   '@esbuild/linux-ia32': [ '0.25.12' ],
130 silly audit   '@esbuild/linux-loong64': [ '0.25.12' ],
130 silly audit   '@esbuild/linux-mips64el': [ '0.25.12' ],
130 silly audit   '@esbuild/linux-ppc64': [ '0.25.12' ],
130 silly audit   '@esbuild/linux-riscv64': [ '0.25.12' ],
130 silly audit   '@esbuild/linux-s390x': [ '0.25.12' ],
130 silly audit   '@esbuild/linux-x64': [ '0.25.12' ],
130 silly audit   '@esbuild/netbsd-arm64': [ '0.25.12' ],
130 silly audit   '@esbuild/netbsd-x64': [ '0.25.12' ],
130 silly audit   '@esbuild/openbsd-arm64': [ '0.25.12' ],
130 silly audit   '@esbuild/openbsd-x64': [ '0.25.12' ],
130 silly audit   '@esbuild/openharmony-arm64': [ '0.25.12' ],
130 silly audit   '@esbuild/sunos-x64': [ '0.25.12' ],
130 silly audit   '@esbuild/win32-arm64': [ '0.25.12' ],
130 silly audit   '@esbuild/win32-ia32': [ '0.25.12' ],
130 silly audit   '@esbuild/win32-x64': [ '0.25.12' ],
130 silly audit   '@jridgewell/sourcemap-codec': [ '1.5.5' ],
130 silly audit   '@rollup/rollup-android-arm-eabi': [ '4.60.1' ],
130 silly audit   '@rollup/rollup-android-arm64': [ '4.60.1' ],
130 silly audit   '@rollup/rollup-darwin-arm64': [ '4.60.1' ],
130 silly audit   '@rollup/rollup-darwin-x64': [ '4.60.1' ],
130 silly audit   '@rollup/rollup-freebsd-arm64': [ '4.60.1' ],
130 silly audit   '@rollup/rollup-freebsd-x64': [ '4.60.1' ],
130 silly audit   '@rollup/rollup-linux-arm-gnueabihf': [ '4.60.1' ],
130 silly audit   '@rollup/rollup-linux-arm-musleabihf': [ '4.60.1' ],
130 silly audit   '@rollup/rollup-linux-arm64-gnu': [ '4.60.1' ],
130 silly audit   '@rollup/rollup-linux-arm64-musl': [ '4.60.1' ],
130 silly audit   '@rollup/rollup-linux-loong64-gnu': [ '4.60.1' ],
130 silly audit   '@rollup/rollup-linux-loong64-musl': [ '4.60.1' ],
130 silly audit   '@rollup/rollup-linux-ppc64-gnu': [ '4.60.1' ],
130 silly audit   '@rollup/rollup-linux-ppc64-musl': [ '4.60.1' ],
130 silly audit   '@rollup/rollup-linux-riscv64-gnu': [ '4.60.1' ],
130 silly audit   '@rollup/rollup-linux-riscv64-musl': [ '4.60.1' ],
130 silly audit   '@rollup/rollup-linux-s390x-gnu': [ '4.60.1' ],
130 silly audit   '@rollup/rollup-linux-x64-gnu': [ '4.60.1' ],
130 silly audit   '@rollup/rollup-linux-x64-musl': [ '4.60.1' ],
130 silly audit   '@rollup/rollup-openbsd-x64': [ '4.60.1' ],
130 silly audit   '@rollup/rollup-openharmony-arm64': [ '4.60.1' ],
130 silly audit   '@rollup/rollup-win32-arm64-msvc': [ '4.60.1' ],
130 silly audit   '@rollup/rollup-win32-ia32-msvc': [ '4.60.1' ],
130 silly audit   '@rollup/rollup-win32-x64-gnu': [ '4.60.1' ],
130 silly audit   '@rollup/rollup-win32-x64-msvc': [ '4.60.1' ],
130 silly audit   '@types/estree': [ '1.0.8' ],
130 silly audit   '@vitejs/plugin-vue': [ '5.2.4' ],
130 silly audit   '@vue/compiler-core': [ '3.5.32' ],
130 silly audit   '@vue/compiler-dom': [ '3.5.32' ],
130 silly audit   '@vue/compiler-sfc': [ '3.5.32' ],
130 silly audit   '@vue/compiler-ssr': [ '3.5.32' ],
130 silly audit   '@vue/devtools-api': [ '6.6.4' ],
130 silly audit   '@vue/reactivity': [ '3.5.32' ],
130 silly audit   '@vue/runtime-core': [ '3.5.32' ],
130 silly audit   '@vue/runtime-dom': [ '3.5.32' ],
130 silly audit   '@vue/server-renderer': [ '3.5.32' ],
130 silly audit   '@vue/shared': [ '3.5.32' ],
130 silly audit   csstype: [ '3.2.3' ],
130 silly audit   entities: [ '7.0.1' ],
130 silly audit   esbuild: [ '0.25.12' ],
130 silly audit   'estree-walker': [ '2.0.2' ],
130 silly audit   fdir: [ '6.5.0' ],
130 silly audit   fsevents: [ '2.3.3' ],
130 silly audit   'magic-string': [ '0.30.21' ],
130 silly audit   nanoid: [ '3.3.11' ],
130 silly audit   picocolors: [ '1.1.1' ],
130 silly audit   picomatch: [ '4.0.4' ],
130 silly audit   postcss: [ '8.5.10' ],
130 silly audit   rollup: [ '4.60.1' ],
130 silly audit   'source-map-js': [ '1.2.1' ],
130 silly audit   tinyglobby: [ '0.2.16' ],
130 silly audit   vite: [ '6.4.2' ],
130 silly audit   vue: [ '3.5.32' ],
130 silly audit   'vue-router': [ '4.6.4' ],
130 silly audit   '@element-plus/icons-vue': [ '2.3.2' ],
130 silly audit   'element-plus': [ '2.13.7' ],
130 silly audit   '@ctrl/tinycolor': [ '4.2.0' ],
130 silly audit   '@floating-ui/dom': [ '1.7.6' ],
130 silly audit   '@sxzz/popperjs-es': [ '2.11.8' ],
130 silly audit   '@types/lodash': [ '4.17.24' ],
130 silly audit   '@types/lodash-es': [ '4.17.12' ],
130 silly audit   '@vueuse/core': [ '12.0.0' ],
130 silly audit   'async-validator': [ '4.2.5' ],
130 silly audit   dayjs: [ '1.11.20' ],
130 silly audit   lodash: [ '4.18.1' ],
130 silly audit   'lodash-es': [ '4.18.1' ],
130 silly audit   'lodash-unified': [ '1.0.3' ],
130 silly audit   'memoize-one': [ '6.0.0' ],
130 silly audit   'normalize-wheel-es': [ '1.2.0' ],
130 silly audit   'vue-component-type-helpers': [ '3.2.7' ],
130 silly audit   '@floating-ui/core': [ '1.7.5' ],
130 silly audit   '@floating-ui/utils': [ '0.2.11' ],
130 silly audit   '@types/web-bluetooth': [ '0.0.20' ],
130 silly audit   '@vueuse/metadata': [ '12.0.0' ],
130 silly audit   '@vueuse/shared': [ '12.0.0' ]
130 silly audit }
131 http cache @floating-ui/utils@https://registry.npmjs.org/@floating-ui/utils/-/utils-0.2.11.tgz 0ms (cache hit)
132 http cache @types/web-bluetooth@https://registry.npmjs.org/@types/web-bluetooth/-/web-bluetooth-0.0.20.tgz 0ms (cache hit)
133 http cache @floating-ui/core@https://registry.npmjs.org/@floating-ui/core/-/core-1.7.5.tgz 0ms (cache hit)
134 http cache @vueuse/shared@https://registry.npmjs.org/@vueuse/shared/-/shared-12.0.0.tgz 0ms (cache hit)
135 http cache @vueuse/metadata@https://registry.npmjs.org/@vueuse/metadata/-/metadata-12.0.0.tgz 0ms (cache hit)
136 http cache vue-component-type-helpers@https://registry.npmjs.org/vue-component-type-helpers/-/vue-component-type-helpers-3.2.7.tgz 0ms (cache hit)
137 http cache normalize-wheel-es@https://registry.npmjs.org/normalize-wheel-es/-/normalize-wheel-es-1.2.0.tgz 0ms (cache hit)
138 http cache lodash-unified@https://registry.npmjs.org/lodash-unified/-/lodash-unified-1.0.3.tgz 0ms (cache hit)
139 http cache memoize-one@https://registry.npmjs.org/memoize-one/-/memoize-one-6.0.0.tgz 0ms (cache hit)
140 http cache lodash-es@https://registry.npmjs.org/lodash-es/-/lodash-es-4.18.1.tgz 0ms (cache hit)
141 http cache @types/lodash-es@https://registry.npmjs.org/@types/lodash-es/-/lodash-es-4.17.12.tgz 0ms (cache hit)
142 http cache @vueuse/core@https://registry.npmjs.org/@vueuse/core/-/core-12.0.0.tgz 0ms (cache hit)
143 http cache @floating-ui/dom@https://registry.npmjs.org/@floating-ui/dom/-/dom-1.7.6.tgz 0ms (cache hit)
144 http cache @types/lodash@https://registry.npmjs.org/@types/lodash/-/lodash-4.17.24.tgz 0ms (cache hit)
145 http cache @popperjs/core@https://registry.npmjs.org/@sxzz/popperjs-es/-/popperjs-es-2.11.8.tgz 0ms (cache hit)
146 http cache lodash@https://registry.npmjs.org/lodash/-/lodash-4.18.1.tgz 0ms (cache hit)
147 http cache @ctrl/tinycolor@https://registry.npmjs.org/@ctrl/tinycolor/-/tinycolor-4.2.0.tgz 0ms (cache hit)
148 http cache @element-plus/icons-vue@https://registry.npmjs.org/@element-plus/icons-vue/-/icons-vue-2.3.2.tgz 0ms (cache hit)
149 silly tarball no local data for @floating-ui/utils@https://registry.npmjs.org/@floating-ui/utils/-/utils-0.2.11.tgz. Extracting by manifest.
150 silly tarball no local data for @types/web-bluetooth@https://registry.npmjs.org/@types/web-bluetooth/-/web-bluetooth-0.0.20.tgz. Extracting by manifest.
151 silly tarball no local data for @floating-ui/core@https://registry.npmjs.org/@floating-ui/core/-/core-1.7.5.tgz. Extracting by manifest.
152 silly tarball no local data for @vueuse/shared@https://registry.npmjs.org/@vueuse/shared/-/shared-12.0.0.tgz. Extracting by manifest.
153 silly tarball no local data for @vueuse/metadata@https://registry.npmjs.org/@vueuse/metadata/-/metadata-12.0.0.tgz. Extracting by manifest.
154 silly tarball no local data for vue-component-type-helpers@https://registry.npmjs.org/vue-component-type-helpers/-/vue-component-type-helpers-3.2.7.tgz. Extracting by manifest.
155 silly tarball no local data for normalize-wheel-es@https://registry.npmjs.org/normalize-wheel-es/-/normalize-wheel-es-1.2.0.tgz. Extracting by manifest.
156 silly tarball no local data for lodash-unified@https://registry.npmjs.org/lodash-unified/-/lodash-unified-1.0.3.tgz. Extracting by manifest.
157 silly tarball no local data for memoize-one@https://registry.npmjs.org/memoize-one/-/memoize-one-6.0.0.tgz. Extracting by manifest.
158 silly tarball no local data for lodash-es@https://registry.npmjs.org/lodash-es/-/lodash-es-4.18.1.tgz. Extracting by manifest.
159 silly tarball no local data for @types/lodash-es@https://registry.npmjs.org/@types/lodash-es/-/lodash-es-4.17.12.tgz. Extracting by manifest.
160 silly tarball no local data for @vueuse/core@https://registry.npmjs.org/@vueuse/core/-/core-12.0.0.tgz. Extracting by manifest.
161 silly tarball no local data for @floating-ui/dom@https://registry.npmjs.org/@floating-ui/dom/-/dom-1.7.6.tgz. Extracting by manifest.
162 silly tarball no local data for @types/lodash@https://registry.npmjs.org/@types/lodash/-/lodash-4.17.24.tgz. Extracting by manifest.
163 silly tarball no local data for @popperjs/core@https://registry.npmjs.org/@sxzz/popperjs-es/-/popperjs-es-2.11.8.tgz. Extracting by manifest.
164 silly tarball no local data for lodash@https://registry.npmjs.org/lodash/-/lodash-4.18.1.tgz. Extracting by manifest.
165 silly tarball no local data for @ctrl/tinycolor@https://registry.npmjs.org/@ctrl/tinycolor/-/tinycolor-4.2.0.tgz. Extracting by manifest.
166 silly tarball no local data for @element-plus/icons-vue@https://registry.npmjs.org/@element-plus/icons-vue/-/icons-vue-2.3.2.tgz. Extracting by manifest.
167 http cache async-validator@https://registry.npmjs.org/async-validator/-/async-validator-4.2.5.tgz 0ms (cache hit)
168 http cache element-plus@https://registry.npmjs.org/element-plus/-/element-plus-2.13.7.tgz 0ms (cache hit)
169 http cache dayjs@https://registry.npmjs.org/dayjs/-/dayjs-1.11.20.tgz 0ms (cache hit)
170 silly tarball no local data for async-validator@https://registry.npmjs.org/async-validator/-/async-validator-4.2.5.tgz. Extracting by manifest.
171 silly tarball no local data for element-plus@https://registry.npmjs.org/element-plus/-/element-plus-2.13.7.tgz. Extracting by manifest.
172 silly tarball no local data for dayjs@https://registry.npmjs.org/dayjs/-/dayjs-1.11.20.tgz. Extracting by manifest.
173 http fetch POST 200 https://registry.npmjs.org/-/npm/v1/security/advisories/bulk 359ms
174 silly audit report {}
175 http fetch GET 200 https://registry.npmjs.org/@types/web-bluetooth/-/web-bluetooth-0.0.20.tgz 346ms (cache miss)
176 http fetch GET 200 https://registry.npmjs.org/lodash-unified/-/lodash-unified-1.0.3.tgz 348ms (cache miss)
177 http fetch GET 200 https://registry.npmjs.org/memoize-one/-/memoize-one-6.0.0.tgz 415ms (cache miss)
178 http fetch GET 200 https://registry.npmjs.org/@floating-ui/utils/-/utils-0.2.11.tgz 433ms (cache miss)
179 http fetch GET 200 https://registry.npmjs.org/@vueuse/metadata/-/metadata-12.0.0.tgz 502ms (cache miss)
180 http fetch GET 200 https://registry.npmjs.org/@floating-ui/dom/-/dom-1.7.6.tgz 671ms (cache miss)
181 http fetch GET 200 https://registry.npmjs.org/@ctrl/tinycolor/-/tinycolor-4.2.0.tgz 817ms (cache miss)
182 http fetch GET 200 https://registry.npmjs.org/@vueuse/shared/-/shared-12.0.0.tgz 856ms (cache miss)
183 http fetch GET 200 https://registry.npmjs.org/vue-component-type-helpers/-/vue-component-type-helpers-3.2.7.tgz 885ms (cache miss)
184 http fetch GET 200 https://registry.npmjs.org/@sxzz/popperjs-es/-/popperjs-es-2.11.8.tgz 915ms (cache miss)
185 http fetch GET 200 https://registry.npmjs.org/async-validator/-/async-validator-4.2.5.tgz 1054ms (cache miss)
186 http fetch GET 200 https://registry.npmjs.org/@types/lodash-es/-/lodash-es-4.17.12.tgz 1180ms (cache miss)
187 http fetch GET 200 https://registry.npmjs.org/normalize-wheel-es/-/normalize-wheel-es-1.2.0.tgz 1210ms (cache miss)
188 http fetch GET 200 https://registry.npmjs.org/@floating-ui/core/-/core-1.7.5.tgz 1386ms (cache miss)
189 http fetch GET 200 https://registry.npmjs.org/lodash-es/-/lodash-es-4.18.1.tgz 1784ms (cache miss)
190 http fetch GET 200 https://registry.npmjs.org/dayjs/-/dayjs-1.11.20.tgz 2046ms (cache miss)
191 http fetch GET 200 https://registry.npmjs.org/@types/lodash/-/lodash-4.17.24.tgz 2462ms (cache miss)
192 http fetch GET 200 https://registry.npmjs.org/lodash/-/lodash-4.18.1.tgz 2506ms (cache miss)
193 http fetch GET 200 https://registry.npmjs.org/@vueuse/core/-/core-12.0.0.tgz 2582ms (cache miss)
194 http fetch GET 200 https://registry.npmjs.org/@element-plus/icons-vue/-/icons-vue-2.3.2.tgz 4005ms (cache miss)
195 http fetch GET 200 https://registry.npmjs.org/element-plus/-/element-plus-2.13.7.tgz 16071ms (cache miss)
196 silly ADD node_modules/@vueuse/shared
197 silly ADD node_modules/@vueuse/metadata
198 silly ADD node_modules/@types/web-bluetooth
199 silly ADD node_modules/@floating-ui/utils
200 silly ADD node_modules/@floating-ui/core
201 silly ADD node_modules/vue-component-type-helpers
202 silly ADD node_modules/normalize-wheel-es
203 silly ADD node_modules/memoize-one
204 silly ADD node_modules/lodash-unified
205 silly ADD node_modules/lodash-es
206 silly ADD node_modules/lodash
207 silly ADD node_modules/dayjs
208 silly ADD node_modules/async-validator
209 silly ADD node_modules/@vueuse/core
210 silly ADD node_modules/@types/lodash-es
211 silly ADD node_modules/@types/lodash
212 silly ADD node_modules/@popperjs/core
213 silly ADD node_modules/@floating-ui/dom
214 silly ADD node_modules/@ctrl/tinycolor
215 silly ADD node_modules/element-plus
216 silly ADD node_modules/@element-plus/icons-vue
217 verbose cwd D:\develop\javaweb\canteen-sys\frontend
218 verbose os Windows_NT 10.0.26200
219 verbose node v24.14.1
220 verbose npm  v11.11.0
221 notice
221 notice New minor version of npm available! 11.11.0 -> 11.13.0
221 notice Changelog: https://github.com/npm/cli/releases/tag/v11.13.0
221 notice To update run: npm install -g npm@11.13.0
221 notice  { force: true, Symbol(proc-log.meta): true }
222 verbose exit 0
223 info ok
